2026-07-17 22:40:29,765 - ERROR - Exception in callback _ProactorBasePipeTransport._call_connection_lost(None)
handle: <Handle _ProactorBasePipeTransport._call_connection_lost(None)>
Traceback (most recent call last):
  File "C:\Users\sahar\AppData\Local\Programs\Python\Python312_nuget\tools\Lib\asyncio\events.py", line 88, in _run
    self._context.run(self._callback, *self._args)
  File "C:\Users\sahar\AppData\Local\Programs\Python\Python312_nuget\tools\Lib\asyncio\proactor_events.py", line 165, in _call_connection_lost
    self._sock.shutdown(socket.SHUT_RDWR)
ConnectionResetError: [WinError 10054] An existing connection was forcibly closed by the remote host
2026-07-17 22:46:43,428 - ERROR - $EMPG: possibly delisted; no price data found  (period=1d)
2026-07-17 22:46:43,557 - ERROR - $INHD: possibly delisted; no price data found  (period=1d)
2026-07-17 22:46:43,583 - ERROR - $NUTR: possibly delisted; no price data found  (period=1d)
2026-07-17 22:46:44,086 - ERROR - $AMZE: possibly delisted; no price data found  (period=1d)
2026-07-17 22:46:44,291 - ERROR - $OST: possibly delisted; no price data found  (period=1d)
2026-07-17 22:46:44,323 - ERROR - $JDZG: possibly delisted; no price data found  (period=1d)
2026-07-17 22:46:44,356 - ERROR - $MAGH: possibly delisted; no price data found  (period=1d)
2026-07-17 22:46:44,736 - ERROR - $EFTY: possibly delisted; no price data found  (period=1d)
2026-07-17 22:46:44,898 - ERROR - $NCL: possibly delisted; no price data found  (period=1d)
2026-07-17 22:46:44,967 - ERROR - $UCFI: possibly delisted; no price data found  (period=1d)
2026-07-17 22:46:44,970 - ERROR - $LAWR: possibly delisted; no price data found  (period=1d)
2026-07-17 22:46:45,402 - ERROR - $UCFIW: possibly delisted; no price data found  (period=1d)
2026-07-17 22:46:45,513 - ERROR - $PLTS: possibly delisted; no price data found  (period=1d)
2026-07-17 22:46:45,550 - ERROR - $QMMM: possibly delisted; no price data found  (period=1d)
2026-07-17 22:46:45,580 - ERROR - $SVA: possibly delisted; no price data found  (period=1d)
2026-07-17 22:46:45,988 - ERROR - $PC: possibly delisted; no price data found  (period=1d)
2026-07-17 22:46:46,418 - ERROR - $MCTA: possibly delisted; no price data found  (period=1d)
2026-07-17 22:46:47,236 - ERROR - HTTP Error 404: {"quoteSummary":{"result":null,"error":{"code":"Not Found","description":"Quote not found for symbol: OPFI.W"}}}
2026-07-17 22:46:47,239 - ERROR - $HCHL: possibly delisted; no price data found  (period=1d)
2026-07-17 22:46:47,256 - ERROR - $MAMK: possibly delisted; no price data found  (period=1d)
2026-07-17 22:46:48,279 - ERROR - $OPFI.W: possibly delisted; no price data found  (period=1d) (Yahoo error = "No data found, symbol may be delisted")
2026-07-17 22:46:48,285 - ERROR - 
20 Failed downloads:
2026-07-17 22:46:48,285 - ERROR - ['EMPG', 'INHD', 'NUTR', 'AMZE', 'OST', 'JDZG', 'MAGH', 'EFTY', 'NCL', 'UCFI', 'LAWR', 'UCFIW', 'PLTS', 'QMMM', 'SVA', 'PC', 'MCTA', 'HCHL', 'MAMK']: possibly delisted; no price data found  (period=1d)
2026-07-17 22:46:48,285 - ERROR - ['OPFI.W']: possibly delisted; no price data found  (period=1d) (Yahoo error = "No data found, symbol may be delisted")
2026-07-17 22:48:09,646 - ERROR - $NUTR: possibly delisted; no price data found  (period=1d)
2026-07-17 22:48:09,682 - ERROR - $MAGH: possibly delisted; no price data found  (period=1d)
2026-07-17 22:48:09,698 - ERROR - $INHD: possibly delisted; no price data found  (period=1d)
2026-07-17 22:48:09,717 - ERROR - $EMPG: possibly delisted; no price data found  (period=1d)
2026-07-17 22:48:10,078 - ERROR - $AMZE: possibly delisted; no price data found  (period=1d)
2026-07-17 22:48:10,130 - ERROR - $JDZG: possibly delisted; no price data found  (period=1d)
2026-07-17 22:48:10,145 - ERROR - $EFTY: possibly delisted; no price data found  (period=1d)
2026-07-17 22:48:10,160 - ERROR - $OST: possibly delisted; no price data found  (period=1d)
2026-07-17 22:48:10,446 - ERROR - $NCL: possibly delisted; no price data found  (period=1d)
2026-07-17 22:48:10,558 - ERROR - $UCFIW: possibly delisted; no price data found  (period=1d)
2026-07-17 22:48:10,573 - ERROR - $UCFI: possibly delisted; no price data found  (period=1d)
2026-07-17 22:48:10,604 - ERROR - $LAWR: possibly delisted; no price data found  (period=1d)
2026-07-17 22:48:10,925 - ERROR - $QMMM: possibly delisted; no price data found  (period=1d)
2026-07-17 22:48:11,052 - ERROR - $SVA: possibly delisted; no price data found  (period=1d)
2026-07-17 22:48:11,053 - ERROR - $PLTS: possibly delisted; no price data found  (period=1d)
2026-07-17 22:48:11,067 - ERROR - $PC: possibly delisted; no price data found  (period=1d)
2026-07-17 22:48:11,486 - ERROR - $HCHL: possibly delisted; no price data found  (period=1d)
2026-07-17 22:48:11,495 - ERROR - $MCTA: possibly delisted; no price data found  (period=1d)
2026-07-17 22:48:11,776 - ERROR - $MAMK: possibly delisted; no price data found  (period=1d)
2026-07-17 22:48:12,238 - ERROR - HTTP Error 404: {"quoteSummary":{"result":null,"error":{"code":"Not Found","description":"Quote not found for symbol: OPFI.W"}}}
2026-07-17 22:48:12,961 - ERROR - $OPFI.W: possibly delisted; no price data found  (period=1d) (Yahoo error = "No data found, symbol may be delisted")
2026-07-17 22:48:12,969 - ERROR - 
20 Failed downloads:
2026-07-17 22:48:12,969 - ERROR - ['NUTR', 'MAGH', 'INHD', 'EMPG', 'AMZE', 'JDZG', 'EFTY', 'OST', 'NCL', 'UCFIW', 'UCFI', 'LAWR', 'QMMM', 'SVA', 'PLTS', 'PC', 'HCHL', 'MCTA', 'MAMK']: possibly delisted; no price data found  (period=1d)
2026-07-17 22:48:12,969 - ERROR - ['OPFI.W']: possibly delisted; no price data found  (period=1d) (Yahoo error = "No data found, symbol may be delisted")
2026-07-17 22:49:39,225 - ERROR - $NUTR: possibly delisted; no price data found  (period=1d)
2026-07-17 22:49:39,240 - ERROR - $EMPG: possibly delisted; no price data found  (period=1d)
2026-07-17 22:49:39,271 - ERROR - $INHD: possibly delisted; no price data found  (period=1d)
2026-07-17 22:49:39,274 - ERROR - $MAGH: possibly delisted; no price data found  (period=1d)
2026-07-17 22:49:40,030 - ERROR - $EFTY: possibly delisted; no price data found  (period=1d)
2026-07-17 22:49:40,049 - ERROR - $SVA: possibly delisted; no price data found  (period=1d)
2026-07-17 22:49:40,050 - ERROR - $OST: possibly delisted; no price data found  (period=1d)
2026-07-17 22:49:40,121 - ERROR - $JDZG: possibly delisted; no price data found  (period=1d)
2026-07-17 22:49:40,561 - ERROR - $NCL: possibly delisted; no price data found  (period=1d)
2026-07-17 22:49:40,562 - ERROR - $LAWR: possibly delisted; no price data found  (period=1d)
2026-07-17 22:49:40,618 - ERROR - $UCFIW: possibly delisted; no price data found  (period=1d)
2026-07-17 22:49:40,675 - ERROR - $UCFI: possibly delisted; no price data found  (period=1d)
2026-07-17 22:49:41,001 - ERROR - $QMMM: possibly delisted; no price data found  (period=1d)
2026-07-17 22:49:41,058 - ERROR - $PLTS: possibly delisted; no price data found  (period=1d)
2026-07-17 22:49:41,079 - ERROR - $PC: possibly delisted; no price data found  (period=1d)
2026-07-17 22:49:41,140 - ERROR - $AMZE: possibly delisted; no price data found  (period=1d)
2026-07-17 22:49:41,500 - ERROR - $MCTA: possibly delisted; no price data found  (period=1d)
2026-07-17 22:49:41,624 - ERROR - $HCHL: possibly delisted; no price data found  (period=1d)
2026-07-17 22:49:41,901 - ERROR - $MAMK: possibly delisted; no price data found  (period=1d)
2026-07-17 22:49:42,307 - ERROR - $OPFI.W: possibly delisted; no price data found  (period=1d) (Yahoo error = "No data found, symbol may be delisted")
2026-07-17 22:49:42,316 - ERROR - 
20 Failed downloads:
2026-07-17 22:49:42,316 - ERROR - ['NUTR', 'EMPG', 'INHD', 'MAGH', 'EFTY', 'SVA', 'OST', 'JDZG', 'NCL', 'LAWR', 'UCFIW', 'UCFI', 'QMMM', 'PLTS', 'PC', 'AMZE', 'MCTA', 'HCHL', 'MAMK']: possibly delisted; no price data found  (period=1d)
2026-07-17 22:49:42,316 - ERROR - ['OPFI.W']: possibly delisted; no price data found  (period=1d) (Yahoo error = "No data found, symbol may be delisted")
2026-07-17 22:53:22,183 - ERROR - $MAMK: possibly delisted; no price data found  (period=1d)
2026-07-17 22:53:22,188 - ERROR - $JDZG: possibly delisted; no price data found  (period=1d)
2026-07-17 22:53:22,190 - ERROR - $MCTA: possibly delisted; no price data found  (period=1d)
2026-07-17 22:53:22,210 - ERROR - $QMMM: possibly delisted; no price data found  (period=1d)
2026-07-17 22:53:22,589 - ERROR - $UCFIW: possibly delisted; no price data found  (period=1d)
2026-07-17 22:53:22,600 - ERROR - $UCFI: possibly delisted; no price data found  (period=1d)
2026-07-17 22:53:22,617 - ERROR - $NUTR: possibly delisted; no price data found  (period=1d)
2026-07-17 22:53:23,185 - ERROR - $MAGH: possibly delisted; no price data found  (period=1d)
2026-07-17 22:53:23,188 - ERROR - $PLTS: possibly delisted; no price data found  (period=1d)
2026-07-17 22:53:23,694 - ERROR - HTTP Error 404: {"quoteSummary":{"result":null,"error":{"code":"Not Found","description":"Quote not found for symbol: OPFI.W"}}}
2026-07-17 22:53:23,921 - ERROR - $EFTY: possibly delisted; no price data found  (period=1d)
2026-07-17 22:53:23,938 - ERROR - $AMZE: possibly delisted; no price data found  (period=1d)
2026-07-17 22:53:23,981 - ERROR - $NCL: possibly delisted; no price data found  (period=1d)
2026-07-17 22:53:24,282 - ERROR - $SVA: possibly delisted; no price data found  (period=1d)
2026-07-17 22:53:24,329 - ERROR - $PC: possibly delisted; no price data found  (period=1d)
2026-07-17 22:53:24,340 - ERROR - $INHD: possibly delisted; no price data found  (period=1d)
2026-07-17 22:53:24,514 - ERROR - $OPFI.W: possibly delisted; no price data found  (period=1d) (Yahoo error = "No data found, symbol may be delisted")
2026-07-17 22:53:24,886 - ERROR - $HCHL: possibly delisted; no price data found  (period=1d)
2026-07-17 22:53:24,987 - ERROR - $LAWR: possibly delisted; no price data found  (period=1d)
2026-07-17 22:53:25,016 - ERROR - $OST: possibly delisted; no price data found  (period=1d)
2026-07-17 22:53:25,832 - ERROR - $EMPG: possibly delisted; no price data found  (period=1d)
2026-07-17 22:53:25,838 - ERROR - 
20 Failed downloads:
2026-07-17 22:53:25,838 - ERROR - ['MCTA', 'JDZG', 'MAMK', 'QMMM', 'UCFIW', 'UCFI', 'NUTR', 'MAGH', 'PLTS', 'EFTY', 'AMZE', 'NCL', 'SVA', 'PC', 'INHD', 'HCHL', 'LAWR', 'OST', 'EMPG']: possibly delisted; no price data found  (period=1d)
2026-07-17 22:53:25,838 - ERROR - ['OPFI.W']: possibly delisted; no price data found  (period=1d) (Yahoo error = "No data found, symbol may be delisted")
2026-07-17 22:53:49,569 - ERROR - $MAMK: possibly delisted; no price data found  (period=1d)
2026-07-17 22:53:49,605 - ERROR - $QMMM: possibly delisted; no price data found  (period=1d)
2026-07-17 22:53:49,638 - ERROR - $JDZG: possibly delisted; no price data found  (period=1d)
2026-07-17 22:53:49,761 - ERROR - $MCTA: possibly delisted; no price data found  (period=1d)
2026-07-17 22:53:50,077 - ERROR - $NUTR: possibly delisted; no price data found  (period=1d)
2026-07-17 22:53:50,097 - ERROR - $UCFI: possibly delisted; no price data found  (period=1d)
2026-07-17 22:53:50,180 - ERROR - $UCFIW: possibly delisted; no price data found  (period=1d)
2026-07-17 22:53:50,504 - ERROR - $MAGH: possibly delisted; no price data found  (period=1d)
2026-07-17 22:53:50,631 - ERROR - $PLTS: possibly delisted; no price data found  (period=1d)
2026-07-17 22:53:50,935 - ERROR - $NCL: possibly delisted; no price data found  (period=1d)
2026-07-17 22:53:50,989 - ERROR - $AMZE: possibly delisted; no price data found  (period=1d)
2026-07-17 22:53:51,006 - ERROR - $EFTY: possibly delisted; no price data found  (period=1d)
2026-07-17 22:53:51,371 - ERROR - HTTP Error 404: {"quoteSummary":{"result":null,"error":{"code":"Not Found","description":"Quote not found for symbol: OPFI.W"}}}
2026-07-17 22:53:51,547 - ERROR - $PC: possibly delisted; no price data found  (period=1d)
2026-07-17 22:53:51,564 - ERROR - $INHD: possibly delisted; no price data found  (period=1d)
2026-07-17 22:53:51,597 - ERROR - $SVA: possibly delisted; no price data found  (period=1d)
2026-07-17 22:53:51,980 - ERROR - $HCHL: possibly delisted; no price data found  (period=1d)
2026-07-17 22:53:51,983 - ERROR - $OST: possibly delisted; no price data found  (period=1d)
2026-07-17 22:53:52,117 - ERROR - $OPFI.W: possibly delisted; no price data found  (period=1d) (Yahoo error = "No data found, symbol may be delisted")
2026-07-17 22:53:52,165 - ERROR - $EMPG: possibly delisted; no price data found  (period=1d)
2026-07-17 22:53:52,739 - ERROR - $LAWR: possibly delisted; no price data found  (period=1d)
2026-07-17 22:53:52,794 - ERROR - 
20 Failed downloads:
2026-07-17 22:53:52,795 - ERROR - ['MAMK', 'QMMM', 'JDZG', 'MCTA', 'NUTR', 'UCFI', 'UCFIW', 'MAGH', 'PLTS', 'NCL', 'AMZE', 'EFTY', 'PC', 'INHD', 'SVA', 'HCHL', 'OST', 'EMPG', 'LAWR']: possibly delisted; no price data found  (period=1d)
2026-07-17 22:53:52,796 - ERROR - ['OPFI.W']: possibly delisted; no price data found  (period=1d) (Yahoo error = "No data found, symbol may be delisted")
2026-07-17 22:54:53,292 - ERROR - $MAMK: possibly delisted; no price data found  (period=1d)
2026-07-17 22:54:53,302 - ERROR - $QMMM: possibly delisted; no price data found  (period=1d)
2026-07-17 22:54:53,422 - ERROR - $MCTA: possibly delisted; no price data found  (period=1d)
2026-07-17 22:54:53,469 - ERROR - $JDZG: possibly delisted; no price data found  (period=1d)
2026-07-17 22:54:53,787 - ERROR - $NUTR: possibly delisted; no price data found  (period=1d)
2026-07-17 22:54:53,807 - ERROR - $UCFI: possibly delisted; no price data found  (period=1d)
2026-07-17 22:54:53,839 - ERROR - $UCFIW: possibly delisted; no price data found  (period=1d)
2026-07-17 22:54:54,536 - ERROR - $OPFI.W: possibly delisted; no price data found  (period=1d) (Yahoo error = "No data found, symbol may be delisted")
2026-07-17 22:54:54,747 - ERROR - $PLTS: possibly delisted; no price data found  (period=1d)
2026-07-17 22:54:54,761 - ERROR - $MAGH: possibly delisted; no price data found  (period=1d)
2026-07-17 22:54:54,911 - ERROR - $NCL: possibly delisted; no price data found  (period=1d)
2026-07-17 22:54:55,204 - ERROR - $AMZE: possibly delisted; no price data found  (period=1d)
2026-07-17 22:54:55,234 - ERROR - $EFTY: possibly delisted; no price data found  (period=1d)
2026-07-17 22:54:55,250 - ERROR - $PC: possibly delisted; no price data found  (period=1d)
2026-07-17 22:54:55,386 - ERROR - $SVA: possibly delisted; no price data found  (period=1d)
2026-07-17 22:54:55,672 - ERROR - $INHD: possibly delisted; no price data found  (period=1d)
2026-07-17 22:54:55,727 - ERROR - $HCHL: possibly delisted; no price data found  (period=1d)
2026-07-17 22:54:55,777 - ERROR - $OST: possibly delisted; no price data found  (period=1d)
2026-07-17 22:54:55,798 - ERROR - $EMPG: possibly delisted; no price data found  (period=1d)
2026-07-17 22:54:56,074 - ERROR - $LAWR: possibly delisted; no price data found  (period=1d)
2026-07-17 22:54:56,196 - ERROR - $MAMK: possibly delisted; no price data found  (period=1d)
2026-07-17 22:54:56,218 - ERROR - $QMMM: possibly delisted; no price data found  (period=1d)
2026-07-17 22:54:56,415 - ERROR - 
20 Failed downloads:
2026-07-17 22:54:56,416 - ERROR - ['MAMK', 'QMMM', 'MCTA', 'JDZG', 'NUTR', 'UCFI', 'UCFIW', 'PLTS', 'MAGH', 'NCL', 'AMZE', 'EFTY', 'PC', 'SVA', 'INHD', 'HCHL', 'OST', 'EMPG', 'LAWR']: possibly delisted; no price data found  (period=1d)
2026-07-17 22:54:56,416 - ERROR - ['OPFI.W']: possibly delisted; no price data found  (period=1d) (Yahoo error = "No data found, symbol may be delisted")
2026-07-17 22:54:56,543 - ERROR - $JDZG: possibly delisted; no price data found  (period=1d)
2026-07-17 22:54:56,662 - ERROR - $NUTR: possibly delisted; no price data found  (period=1d)
2026-07-17 22:54:56,689 - ERROR - $MCTA: possibly delisted; no price data found  (period=1d)
2026-07-17 22:54:56,922 - ERROR - $UCFI: possibly delisted; no price data found  (period=1d)
2026-07-17 22:54:57,037 - ERROR - $UCFIW: possibly delisted; no price data found  (period=1d)
2026-07-17 22:54:57,133 - ERROR - $MAGH: possibly delisted; no price data found  (period=1d)
2026-07-17 22:54:57,366 - ERROR - $OPFI.W: possibly delisted; no price data found  (period=1d) (Yahoo error = "No data found, symbol may be delisted")
2026-07-17 22:54:57,552 - ERROR - $NCL: possibly delisted; no price data found  (period=1d)
2026-07-17 22:54:57,578 - ERROR - $PLTS: possibly delisted; no price data found  (period=1d)
2026-07-17 22:54:57,781 - ERROR - $AMZE: possibly delisted; no price data found  (period=1d)
2026-07-17 22:54:57,811 - ERROR - $EFTY: possibly delisted; no price data found  (period=1d)
2026-07-17 22:54:57,959 - ERROR - $SVA: possibly delisted; no price data found  (period=1d)
2026-07-17 22:54:58,008 - ERROR - $PC: possibly delisted; no price data found  (period=1d)
2026-07-17 22:54:58,288 - ERROR - $INHD: possibly delisted; no price data found  (period=1d)
2026-07-17 22:54:58,289 - ERROR - $HCHL: possibly delisted; no price data found  (period=1d)
2026-07-17 22:54:58,357 - ERROR - $OST: possibly delisted; no price data found  (period=1d)
2026-07-17 22:54:58,422 - ERROR - $EMPG: possibly delisted; no price data found  (period=1d)
2026-07-17 22:54:58,769 - ERROR - $LAWR: possibly delisted; no price data found  (period=1d)
2026-07-17 22:54:58,774 - ERROR - 
20 Failed downloads:
2026-07-17 22:54:58,774 - ERROR - ['MAMK', 'QMMM', 'JDZG', 'NUTR', 'MCTA', 'UCFI', 'UCFIW', 'MAGH', 'NCL', 'PLTS', 'AMZE', 'EFTY', 'SVA', 'PC', 'INHD', 'HCHL', 'OST', 'EMPG', 'LAWR']: possibly delisted; no price data found  (period=1d)
2026-07-17 22:54:58,775 - ERROR - ['OPFI.W']: possibly delisted; no price data found  (period=1d) (Yahoo error = "No data found, symbol may be delisted")
2026-07-17 22:56:50,516 - WARNING - HaltsTracker Error: HTTPSConnectionPool(host='www.nasdaqtrader.com', port=443): Read timed out. (read timeout=5)
2026-07-18 00:39:43,139 - WARNING - HaltsTracker Error: HTTPSConnectionPool(host='www.nasdaqtrader.com', port=443): Max retries exceeded with url: /rss.aspx?feed=tradehalts (Caused by SSLError(SSLEOFError(8, '[SSL: UNEXPECTED_EOF_WHILE_READING] EOF occurred in violation of protocol (_ssl.c:1010)')))
2026-07-18 00:48:21,465 - WARNING - HaltsTracker Error: HTTPSConnectionPool(host='www.nasdaqtrader.com', port=443): Max retries exceeded with url: /rss.aspx?feed=tradehalts (Caused by SSLError(SSLEOFError(8, '[SSL: UNEXPECTED_EOF_WHILE_READING] EOF occurred in violation of protocol (_ssl.c:1010)')))
2026-07-18 14:54:49,641 - WARNING - HaltsTracker Error: HTTPSConnectionPool(host='www.nasdaqtrader.com', port=443): Max retries exceeded with url: /rss.aspx?feed=tradehalts (Caused by ConnectTimeoutError(<HTTPSConnection(host='www.nasdaqtrader.com', port=443) at 0x18e7444e8a0>, 'Connection to www.nasdaqtrader.com timed out. (connect timeout=5)'))
2026-07-18 15:01:29,949 - WARNING - HaltsTracker Error: HTTPSConnectionPool(host='www.nasdaqtrader.com', port=443): Max retries exceeded with url: /rss.aspx?feed=tradehalts (Caused by ConnectTimeoutError(<HTTPSConnection(host='www.nasdaqtrader.com', port=443) at 0x18e1f86d130>, 'Connection to www.nasdaqtrader.com timed out. (connect timeout=5)'))
2026-07-30 02:41:56,563 - WARNING - SECFilingsTracker Error for SPRC: Too Many Requests. Rate limited. Try after a while.
2026-08-07 09:21:36,202 - WARNING - HaltsTracker Error: HTTPSConnectionPool(host='www.nasdaqtrader.com', port=443): Max retries exceeded with url: /rss.aspx?feed=tradehalts (Caused by ConnectTimeoutError(<HTTPSConnection(host='www.nasdaqtrader.com', port=443) at 0x176d3052ab0>, 'Connection to www.nasdaqtrader.com timed out. (connect timeout=5)'))
2026-08-07 09:21:46,552 - WARNING - HaltsTracker Error: HTTPSConnectionPool(host='www.nasdaqtrader.com', port=443): Max retries exceeded with url: /rss.aspx?feed=tradehalts (Caused by ConnectTimeoutError(<HTTPSConnection(host='www.nasdaqtrader.com', port=443) at 0x176d2e94560>, 'Connection to www.nasdaqtrader.com timed out. (connect timeout=5)'))
2026-08-07 11:43:39,393 - WARNING - HaltsTracker Error: HTTPSConnectionPool(host='www.nasdaqtrader.com', port=443): Max retries exceeded with url: /rss.aspx?feed=tradehalts (Caused by SSLError(SSLEOFError(8, '[SSL: UNEXPECTED_EOF_WHILE_READING] EOF occurred in violation of protocol (_ssl.c:1010)')))
2026-08-07 11:47:41,428 - WARNING - HaltsTracker Error: HTTPSConnectionPool(host='www.nasdaqtrader.com', port=443): Max retries exceeded with url: /rss.aspx?feed=tradehalts (Caused by SSLError(SSLEOFError(8, '[SSL: UNEXPECTED_EOF_WHILE_READING] EOF occurred in violation of protocol (_ssl.c:1010)')))
2026-08-07 11:48:44,797 - WARNING - HaltsTracker Error: HTTPSConnectionPool(host='www.nasdaqtrader.com', port=443): Max retries exceeded with url: /rss.aspx?feed=tradehalts (Caused by SSLError(SSLEOFError(8, '[SSL: UNEXPECTED_EOF_WHILE_READING] EOF occurred in violation of protocol (_ssl.c:1010)')))
2026-08-07 11:53:16,651 - WARNING - HaltsTracker Error: HTTPSConnectionPool(host='www.nasdaqtrader.com', port=443): Max retries exceeded with url: /rss.aspx?feed=tradehalts (Caused by SSLError(SSLEOFError(8, '[SSL: UNEXPECTED_EOF_WHILE_READING] EOF occurred in violation of protocol (_ssl.c:1010)')))
2026-08-07 11:54:04,275 - WARNING - HaltsTracker Error: HTTPSConnectionPool(host='www.nasdaqtrader.com', port=443): Max retries exceeded with url: /rss.aspx?feed=tradehalts (Caused by SSLError(SSLEOFError(8, '[SSL: UNEXPECTED_EOF_WHILE_READING] EOF occurred in violation of protocol (_ssl.c:1010)')))
2026-08-07 19:32:54,623 - WARNING - HaltsTracker Error: HTTPSConnectionPool(host='www.nasdaqtrader.com', port=443): Max retries exceeded with url: /rss.aspx?feed=tradehalts (Caused by ConnectTimeoutError(<HTTPSConnection(host='www.nasdaqtrader.com', port=443) at 0x2b926a2bf20>, 'Connection to www.nasdaqtrader.com timed out. (connect timeout=5)'))
2026-08-07 19:32:59,685 - WARNING - HaltsTracker Error: HTTPSConnectionPool(host='www.nasdaqtrader.com', port=443): Max retries exceeded with url: /rss.aspx?feed=tradehalts (Caused by ConnectTimeoutError(<HTTPSConnection(host='www.nasdaqtrader.com', port=443) at 0x2b92698a570>, 'Connection to www.nasdaqtrader.com timed out. (connect timeout=5)'))
